<html>
<body>
<pre>
<h1>礦ision Build Log</h1>
<h2>Tool Versions:</h2>
IDE-Version: μVision V5.18.0.0
Copyright (C) 2016 ARM Ltd and ARM Germany GmbH. All rights reserved.
License Information: kz r, 00, LIC=JL28G-V15H5-FWE2N-Y5ZQ6-N10VS-G0PYW
 
Tool Versions:
Toolchain:       MDK-ARM Standard  Version: 5.18
Toolchain Path:  C:\Keil_v5\ARM\ARMCC\Bin
C Compiler:      Armcc.exe V5.06 update 1 (build 61)
Assembler:       Armasm.exe V5.06 update 1 (build 61)
Linker/Locator:  ArmLink.exe V5.06 update 1 (build 61)
Library Manager: ArmAr.exe V5.06 update 1 (build 61)
Hex Converter:   FromElf.exe V5.06 update 1 (build 61)
CPU DLL:         SARMCM3.DLL V5.18
Dialog DLL:      DARMSTM.DLL V1.65.0.0
Target DLL:      STLink\ST-LINKIII-KEIL_SWO.dll V2.0.18.0
Dialog DLL:      TARMSTM.DLL    V1.64.0.0
 
<h2>Project:</h2>
C:\Users\kaize ren\Desktop\D\mpu6050 - 副本 - 副本\USER\LED.uvprojx
Project File Date:  04/06/2020

<h2>Output:</h2>
*** Using Compiler 'V5.06 update 1 (build 61)', folder: 'C:\Keil_v5\ARM\ARMCC\Bin'
Rebuild target 'LED'
compiling stm32f10x_it.c...
compiling system_stm32f10x.c...
compiling main.c...
main.c(78): warning:  #177-D: variable "t" was declared but never referenced
   	u16 t;  
main.c(79): warning:  #177-D: variable "len" was declared but never referenced
  	u16 len;	
main.c(80): warning:  #177-D: variable "times" was declared but never referenced
  	u16 times=0;
main.c: 3 warnings, 0 errors
compiling led.c...
compiling oled.c...
compiling mpu6050.c...
compiling senware.c...
compiling usart3.c...
compiling timer.c...
compiling key.c...
compiling delay.c...
compiling sys.c...
assembling startup_stm32f10x_hd.s...
compiling core_cm3.c...
compiling usart.c...
compiling stm32f10x_gpio.c...
compiling stm32f10x_rcc.c...
compiling stm32f10x_usart.c...
compiling misc.c...
compiling stm32f10x_i2c.c...
compiling common.c...
compiling stm32f10x_tim.c...
compiling dataPointTools.c...
compiling ringbuffer.c...
compiling gizwits_product.c...
..\Gizwits\gizwits_product.c(57): warning:  #177-D: variable "dataPointPtr" was declared but never referenced
    dataPoint_t *dataPointPtr = (dataPoint_t *)gizdata;
..\Gizwits\gizwits_product.c(255): warning:  #177-D: variable "crc" was declared but never referenced
  		uint8_t crc[1] = {0x55};
..\Gizwits\gizwits_product.c: 2 warnings, 0 errors
compiling gizwits_protocol.c...
linking...
Program Size: Code=31022 RO-data=2966 RW-data=1312 ZI-data=2152  
FromELF: creating hex file...
"..\OBJ\LED.axf" - 0 Error(s), 5 Warning(s).

<h2>Collection of Component include folders:</h2>
  C:\Users\kaize ren\Desktop\D\mpu6050 - 副本 - 副本\USER\RTE
  C:\Keil_v5\ARM\PACK\Keil\STM32F1xx_DFP\2.2.0\Device\Include

<h2>Collection of Component Files used:</h2>
Build Time Elapsed:  00:00:07
</pre>
</body>
</html>
